{"level":"info","message":"POST /api/users/register"}
{"level":"error","message":"SyntaxError: Unexpected non-whitespace character after JSON at position 100 (line 6 column 2)\n    at JSON.parse (<anonymous>)\n    at parse (/home/bek/smartaid-backend/node_modules/body-parser/lib/types/json.js:77:19)\n    at /home/bek/smartaid-backend/node_modules/body-parser/lib/read.js:123:18\n    at AsyncResource.runInAsyncScope (node:async_hooks:214:14)\n    at invokeCallback (/home/bek/smartaid-backend/node_modules/raw-body/index.js:238:16)\n    at done (/home/bek/smartaid-backend/node_modules/raw-body/index.js:227:7)\n    at IncomingMessage.onEnd (/home/bek/smartaid-backend/node_modules/raw-body/index.js:287:7)\n    at IncomingMessage.emit (node:events:508:28)\n    at endReadableNT (node:internal/streams/readable:1701:12)\n    at process.processTicksAndRejections (node:internal/process/task_queues:90:21)"}
{"level":"info","message":"POST /api/users/register"}
{"level":"info","message":"GET /"}
{"level":"info","message":"POST /api/users/login"}
{"level":"info","message":"POST /api/users/login"}
{"level":"info","message":"POST /api/users/register"}
{"level":"info","message":"POST /api/users/register"}
{"level":"info","message":"POST /api/users/register"}
{"level":"info","message":"POST /api/users/register"}
{"level":"info","message":"POST /api/users/register"}
{"level":"info","message":"POST /api/users/register"}
{"level":"info","message":"POST /api/users/register"}
{"level":"info","message":"POST /api/users/register"}
{"level":"info","message":"POST /api/users/register"}
{"level":"info","message":"POST /api/users/register"}
{"level":"info","message":"POST /api/users/register"}
{"level":"info","message":"POST /api/users/login"}
{"level":"info","message":"GET /api/users"}
{"level":"info","message":"GET /api/users"}
{"level":"info","message":"POST /api/ngos"}
{"level":"info","message":"GET /api/ngos"}
{"level":"info","message":"GET /api/ngos/:id"}
{"level":"info","message":"GET /api/ngos/6918105e48e4a710bc09ccfa"}
{"level":"info","message":"GET /api/ngos/1"}
{"level":"info","message":"GET /api/ngos/1"}
{"level":"info","message":"POST /api/donors"}
{"level":"info","message":"GET /api/donors"}
{"level":"info","message":"POST /api/projects"}
{"level":"info","message":"GET /api/ngos/1"}
{"level":"info","message":"GET /api/ngos/6918105e48e4a710bc09ccfa"}
{"level":"info","message":"POST /api/projects/:projectId/activities"}
{"level":"info","message":"GET /api/ngos/6918105e48e4a710bc09ccfa"}
{"level":"info","message":"GET /api/ngos/6918105e48e4a710bc09ccfa"}
{"level":"info","message":"POST /api/projects"}
{"level":"info","message":"POST /api/projects"}
{"level":"info","message":"POST /api/projects"}
{"level":"info","message":"POST /api/projects"}
{"level":"info","message":"POST /api/projects"}
{"level":"info","message":"GET /api/projects"}
{"level":"info","message":"GET /api/projects"}
{"level":"info","message":"GET /api/projects/6918105e48e4a710bc09ccfa"}
{"level":"info","message":"GET /api/projects"}
{"level":"info","message":"GET /api/projects"}
{"level":"info","message":"GET /api/projects/6918105e48e4a710bc09ccfa"}
{"level":"info","message":"GET /api/projects/6918105e48e4a710bc09ccfa"}
{"level":"info","message":"GET /api/projects/6918105e48e4a710bc09ccfa"}
{"level":"info","message":"GET /api/projects/691814218b3d6a4bbc943993"}
{"level":"info","message":"POST /api/projects/:projectId/activities"}
{"level":"info","message":"POST /api/projects/:projectId/activities"}
{"level":"info","message":"POST /api/projects/691814218b3d6a4bbc943993/activities"}
{"level":"info","message":"POST /api/projects/691814218b3d6a4bbc943993/activities"}
{"level":"info","message":"GET /api/users"}
{"level":"info","message":"POST /api/projects/691814218b3d6a4bbc943993/activities"}
{"level":"info","message":"POST /api/projects/691814218b3d6a4bbc943993/activities"}
{"level":"info","message":"POST /api/projects/691814218b3d6a4bbc943993/activities"}
{"level":"info","message":"POST /api/projects/691814218b3d6a4bbc943993/activities"}
{"level":"info","message":"POST /api/projects/691814218b3d6a4bbc943993/activities"}
{"level":"info","message":"POST /api/projects/691814218b3d6a4bbc943993/activities"}
{"level":"info","message":"POST /api/projects/691814218b3d6a4bbc943993/activities"}
{"level":"error","message":"SyntaxError: Expected ',' or '}' after property value in JSON at position 180 (line 7 column 25)\n    at JSON.parse (<anonymous>)\n    at parse (/home/bek/smartaid-backend/node_modules/body-parser/lib/types/json.js:77:19)\n    at /home/bek/smartaid-backend/node_modules/body-parser/lib/read.js:123:18\n    at AsyncResource.runInAsyncScope (node:async_hooks:214:14)\n    at invokeCallback (/home/bek/smartaid-backend/node_modules/raw-body/index.js:238:16)\n    at done (/home/bek/smartaid-backend/node_modules/raw-body/index.js:227:7)\n    at IncomingMessage.onEnd (/home/bek/smartaid-backend/node_modules/raw-body/index.js:287:7)\n    at IncomingMessage.emit (node:events:508:28)\n    at endReadableNT (node:internal/streams/readable:1701:12)\n    at process.processTicksAndRejections (node:internal/process/task_queues:90:21)"}
{"level":"info","message":"POST /api/projects/691814218b3d6a4bbc943993/activities?projectId=691814218b3d6a4bbc943993"}
{"level":"info","message":"POST /api/projects/activities?projectId=691814218b3d6a4bbc943993"}
{"level":"info","message":"POST /api/projects/691814218b3d6a4bbc943993/activities?projectId=691814218b3d6a4bbc943993"}
{"level":"info","message":"POST /api/projects/691814218b3d6a4bbc943993/activities?projectId=691814218b3d6a4bbc943993"}
{"level":"info","message":"POST /api/projects/691814218b3d6a4bbc943993/activities?projectId=691814218b3d6a4bbc943993"}
{"level":"info","message":"GET /api/projects"}
{"level":"info","message":"GET /api/projects/691814218b3d6a4bbc943993"}
{"level":"info","message":"POST /api/projects/:projectId/budgets"}
{"level":"info","message":"POST /api/users/login"}
{"level":"info","message":"POST /api/projects/:projectId/budgets"}
{"level":"info","message":"POST /api/projects/:projectId/budgets"}
{"level":"info","message":"POST /api/projects/:projectId/activities"}
{"level":"info","message":"POST /api/donors"}
{"level":"info","message":"GET /"}
{"level":"info","message":"POST /api/users/register"}
{"level":"info","message":"POST /api/users/login"}
{"level":"info","message":"GET /api/users"}
{"level":"info","message":"POST /api/ngos"}
{"level":"info","message":"GET /api/ngos"}
{"level":"info","message":"GET /api/ngos/6918105e48e4a710bc09ccfa"}
{"level":"info","message":"POST /api/donors"}
{"level":"info","message":"GET /api/donors"}
{"level":"info","message":"POST /api/projects"}
{"level":"info","message":"GET /api/projects"}
{"level":"info","message":"GET /api/projects/:id"}
{"level":"info","message":"POST /api/projects/:projectId/activities"}
{"level":"info","message":"GET /api/projects/:projectId/activities"}
{"level":"info","message":"POST /api/projects/:projectId/budgets"}
{"level":"info","message":"GET /api/projects/:projectId/budgets"}
{"level":"info","message":"POST /api/projects/:projectId/donors"}
{"level":"info","message":"POST /api/expenses"}
{"level":"info","message":"GET /api/expenses/project/:projectId"}
{"level":"info","message":"POST /api/reports"}
{"level":"info","message":"POST /api/compliance"}
{"level":"info","message":"GET /api/compliance/project/:projectId"}
{"level":"info","message":"POST /api/projects/691814218b3d6a4bbc943993/activities?projectId=691814218b3d6a4bbc943993"}
{"level":"info","message":"POST /api/users/login"}
{"level":"info","message":"POST /api/projects/691814218b3d6a4bbc943993/activities?projectId=691814218b3d6a4bbc943993"}
{"level":"info","message":"GET /api/projects/691814218b3d6a4bbc943993"}
{"level":"info","message":"POST /api/projects/691814218b3d6a4bbc943993/activities?projectId=691814218b3d6a4bbc943993"}
{"level":"info","message":"POST /api/projects/691814218b3d6a4bbc943993/activities?projectId=691814218b3d6a4bbc943993"}
{"level":"info","message":"POST /api/projects/:projectId/budgets"}
{"level":"info","message":"POST /api/projects/:projectId/budgets"}
{"level":"info","message":"GET /api/projects/691814218b3d6a4bbc943993"}
{"level":"info","message":"POST /api/projects"}
{"level":"info","message":"POST /api/projects/6919526e37f18d5823f1b791/activities?projectId=6919526e37f18d5823f1b791"}
{"level":"info","message":"POST /api/projects/6919526e37f18d5823f1b791/activities?projectId=6919526e37f18d5823f1b791"}
{"level":"info","message":"GET /api/projects/:projectId/activities"}
{"level":"info","message":"GET /api/projects/6919526e37f18d5823f1b791/activities"}
{"level":"info","message":"GET /api/projects/6919526e37f18d5823f1b791/activities"}
{"level":"info","message":"GET /api/projects/6919526e37f18d5823f1b791/activities"}
{"level":"info","message":"GET /api/projects/6919526e37f18d5823f1b791/activities"}
{"level":"info","message":"GET /api/projects/6919526e37f18d5823f1b791/activities?projectId=6919526e37f18d5823f1b791"}
{"level":"info","message":"POST /api/projects/6919526e37f18d5823f1b791/budgets"}
{"level":"info","message":"POST /api/projects/6919526e37f18d5823f1b791/budgets"}
{"level":"info","message":"POST /api/projects/6919526e37f18d5823f1b791/budgets?projectId=6919526e37f18d5823f1b791"}
{"level":"info","message":"POST /api/projects/6919526e37f18d5823f1b791/budgets?projectId=6919526e37f18d5823f1b791"}
{"level":"info","message":"POST /api/projects/6919526e37f18d5823f1b791/budgets?projectId=6919526e37f18d5823f1b791"}
{"level":"info","message":"POST /api/projects/6919526e37f18d5823f1b791/budgets?projectId=6919526e37f18d5823f1b791"}
{"level":"info","message":"POST /api/projects/6919526e37f18d5823f1b791/budgets?projectId=6919526e37f18d5823f1b791"}
{"level":"info","message":"POST /api/projects/6919526e37f18d5823f1b791/budgets?projectId=6919526e37f18d5823f1b791"}
{"level":"info","message":"POST /api/projects/6919526e37f18d5823f1b791/budgets?projectId=6919526e37f18d5823f1b791"}
{"level":"info","message":"POST /api/projects/6919526e37f18d5823f1b791/budgets?projectId=6919526e37f18d5823f1b791"}
{"level":"info","message":"POST /api/projects/6919526e37f18d5823f1b791/budgets?projectId=6919526e37f18d5823f1b791"}
{"level":"info","message":"POST /api/projects/6919526e37f18d5823f1b791/budgets?projectId=6919526e37f18d5823f1b791"}
{"level":"info","message":"POST /api/projects/6919526e37f18d5823f1b791/budgets?projectId=6919526e37f18d5823f1b791"}
{"level":"info","message":"POST /api/projects/6919526e37f18d5823f1b791/budgets?projectId=6919526e37f18d5823f1b791"}
{"level":"info","message":"POST /api/projects/6919526e37f18d5823f1b791/budgets?projectId=6919526e37f18d5823f1b791"}
{"level":"info","message":"GET /api/projects/6919526e37f18d5823f1b791/budgets?projectId=6919526e37f18d5823f1b791"}
{"level":"info","message":"GET /api/projects/6919526e37f18d5823f1b791/budgets?projectId=6919526e37f18d5823f1b791"}
{"level":"info","message":"POST /api/projects/6919526e37f18d5823f1b791/donors?projectId=6919526e37f18d5823f1b791"}
{"level":"info","message":"POST /api/projects/6919526e37f18d5823f1b791/donors?projectId=6919526e37f18d5823f1b791"}
{"level":"info","message":"POST /api/projects/6919526e37f18d5823f1b791/donors?projectId=6919526e37f18d5823f1b791"}
{"level":"info","message":"POST /api/projects/6919526e37f18d5823f1b791/donors?projectId=6919526e37f18d5823f1b791"}
{"level":"info","message":"GET /api/donors"}
{"level":"info","message":"POST /api/projects/6919526e37f18d5823f1b791/donors?projectId=6919526e37f18d5823f1b791"}
{"level":"info","message":"POST /api/expenses"}
{"level":"info","message":"POST /api/expenses"}
{"level":"info","message":"POST /api/expenses"}
{"level":"info","message":"GET /api/projects"}
{"level":"info","message":"POST /api/expenses"}
{"level":"info","message":"GET /api/expenses/project/691814218b3d6a4bbc943993"}
{"level":"info","message":"POST /api/reports"}
{"level":"info","message":"POST /api/compliance"}
{"level":"info","message":"GET /api/compliance/project/691814218b3d6a4bbc943993"}
